// Jest Snapshot v1, https://goo.gl/fbAQLP

exports[`DisplayTextTask renders properly 1`] = `
<div
  style={
    Object {
      "gridArea": "task",
    }
  }
>
  <div
    className="sc-AxhUy gYMEmy"
  >
    <div>
      <div
        className="sc-AxgMl ftqCsy"
      >
        <h1>
          hello
        </h1>
        <button
          className="MuiButtonBase-root MuiButton-root MuiButton-contained MuiButton-containedPrimary"
          disabled={false}
          onBlur={[Function]}
          onDragLeave={[Function]}
          onFocus={[Function]}
          onKeyDown={[Function]}
          onKeyUp={[Function]}
          onMouseDown={[Function]}
          onMouseLeave={[Function]}
          onMouseUp={[Function]}
          onTouchEnd={[Function]}
          onTouchMove={[Function]}
          onTouchStart={[Function]}
          tabIndex={0}
          type="button"
        >
          <span
            className="MuiButton-label"
          >
            Continue
          </span>
          <span
            className="MuiTouchRipple-root"
          />
        </button>
      </div>
    </div>
  </div>
</div>
`;
