// Jest Snapshot v1, https://goo.gl/fbAQLP

exports[`DisplayTextTask renders properly 1`] = `
<DocumentFragment>
  <div
    style="grid-area: task;"
  >
    <div
      class="sc-gsTEea ePBFHF"
    >
      <div>
        <div
          class="sc-dlfnuX duFhTr"
        >
          <h1>
            hello
          </h1>
          <button
            class="MuiButtonBase-root MuiButton-root MuiButton-contained MuiButton-containedPrimary"
            tabindex="0"
            type="button"
          >
            <span
              class="MuiButton-label"
            >
              Continue
            </span>
            <span
              class="MuiTouchRipple-root"
            />
          </button>
        </div>
      </div>
    </div>
  </div>
</DocumentFragment>
`;
