// Jest Snapshot v1, https://goo.gl/fbAQLP

exports[`InformationScreen renders markdown properly 1`] = `
<DocumentFragment>
  <div
    class="sc-gKPRtg cmBYij"
  >
    <div>
      <div
        class="MuiPaper-root MuiPaper-elevation MuiPaper-rounded MuiPaper-elevation1 sc-jSUZER goswre css-1ps6pg7-MuiPaper-root"
      >
        <h1>
          Hello World
        </h1>
        

        <ul>
          

          <li>
            This is some markdown
          </li>
          

          <li>
            that should render 
            <em>
              properly
            </em>
          </li>
          

        </ul>
        <br />
        <button
          class="MuiButtonBase-root MuiButton-root MuiButton-text MuiButton-textPrimary MuiButton-sizeMedium MuiButton-textSizeMedium MuiButton-root MuiButton-text MuiButton-textPrimary MuiButton-sizeMedium MuiButton-textSizeMedium css-1e6y48t-MuiButtonBase-root-MuiButton-root"
          tabindex="0"
          type="button"
        >
          Continue 
          <span
            class="MuiTouchRipple-root css-8je8zh-MuiTouchRipple-root"
          />
        </button>
      </div>
    </div>
  </div>
</DocumentFragment>
`;
