// Jest Snapshot v1, https://goo.gl/fbAQLP

exports[`ProgressText renders correctly 1`] = `
<DocumentFragment>
  <div
    id="grid-layout"
    style="display: grid; width: 100%; height: 100%; grid-template-columns: 1fr; grid-template-rows: min-content 1fr min-content; grid-template-areas: "header"
      "task"
      "footer";"
  >
    <div
      style="grid-area: footer;"
    >
      <div>
        1 / 3
      </div>
    </div>
    <button>
      advance
    </button>
  </div>
</DocumentFragment>
`;
